// Jest Snapshot v1, https://goo.gl/fbAQLP

exports[`Header should render normally 1`] = `
<EuiFlexGroup
  alignItems="center"
  component="div"
  direction="row"
  gutterSize="l"
  justifyContent="flexStart"
  responsive={true}
  wrap={false}
>
  <EuiFlexItem
    component="div"
    grow={true}
  >
    <EuiTitle
      size="s"
    >
      <FormattedMessage
        defaultMessage="Scripted fields"
        id="kbn.management.editIndexPattern.scriptedHeader"
        tagName="h3"
        values={Object {}}
      />
    </EuiTitle>
    <EuiText
      grow={true}
    >
      <FormattedMessage
        defaultMessage="You can use scripted fields in visualizations and display them in your documents. However, you cannot search scripted fields."
        id="kbn.management.editIndexPattern.scriptedLabel"
        tagName="p"
        values={Object {}}
      />
    </EuiText>
  </EuiFlexItem>
  <EuiFlexItem
    component="div"
    grow={false}
  >
    <EuiButton
      color="primary"
      data-test-subj="addScriptedFieldLink"
      fill={false}
      href=""
      iconSide="left"
      type="button"
    >
      <FormattedMessage
        defaultMessage="Add scripted field"
        id="kbn.management.editIndexPattern.scripted.addFieldButton"
        values={Object {}}
      />
    </EuiButton>
  </EuiFlexItem>
</EuiFlexGroup>
`;
