// Jest Snapshot v1, https://goo.gl/fbAQLP

exports[`render 1`] = `
<EuiFlexGroup
  alignItems="center"
  component="div"
  direction="row"
  gutterSize="l"
  justifyContent="spaceBetween"
  responsive={true}
  style={
    Object {
      "flexGrow": 0,
    }
  }
  wrap={false}
>
  <EuiFlexItem
    component="div"
    grow={false}
  >
    <EuiTitle
      size="m"
    >
      <FormattedMessage
        defaultMessage="Kibana status is {kibanaStatus}"
        id="statusPage.serverStatus.statusTitle"
        tagName="h2"
        values={
          Object {
            "kibanaStatus": <EuiBadge
              color="secondary"
              iconSide="left"
            >
              Green
            </EuiBadge>,
          }
        }
      />
    </EuiTitle>
  </EuiFlexItem>
  <EuiFlexItem
    component="div"
    grow={false}
  >
    <EuiText
      grow={true}
    >
      <p>
        My Computer
      </p>
    </EuiText>
  </EuiFlexItem>
</EuiFlexGroup>
`;
